CHRONOS // ALPHA // FUTURE CONFIGURATION AUDIT
CASE R2-20
INCIDENT: an incident-causing change is followed by alteration of the audit label

CONFIGURATION DELTAS — T-30

20:58:14  D-60
RESOURCE: T-30
CHANGE: observation window 90s -> 120s
STATUS: APPROVED

21:03:27  D-61
RESOURCE: T-30
CHANGE: prediction threshold 0.72 -> 0.68
STATUS: APPROVED

21:07:46  D-62
RESOURCE: T-30
CHANGE: recovery mode AUTO -> MANUAL
STATUS: PENDING

21:09:11  D-63
RESOURCE: T-30
CHANGE: recovery window 30s -> 10s
STATUS: APPROVED

21:12:03  D-62
RESOURCE: T-30
ACTION: REVERTED

21:13:19  D-64
RESOURCE: T-30
CHANGE: safety threshold 0.68 -> 0.71
STATUS: APPROVED

21:16:02  D-65
RESOURCE: T-30
CHANGE: archive verbosity LOW -> HIGH
STATUS: APPROVED

NOTE: approval status describes whether a change was permitted by workflow. It does not
indicate whether the resulting state was causal to the incident.

AUDIT NOTE
A later audit action changes the presentation of historical records. The original change remains inferable only by correlating access and incident timing.
