CHRONOS // ALPHA // FUTURE CONFIGURATION AUDIT
CASE R2-09
INCIDENT: stolen analyst session used to change a future prediction seed

CONFIGURATION DELTAS — T-19

20:58:14  D-49
RESOURCE: T-19
CHANGE: observation window 90s -> 120s
STATUS: APPROVED

21:03:27  D-50
RESOURCE: T-19
CHANGE: prediction threshold 0.72 -> 0.68
STATUS: APPROVED

21:07:46  D-51
RESOURCE: T-19
CHANGE: recovery mode AUTO -> MANUAL
STATUS: PENDING

21:09:11  D-52
RESOURCE: T-19
CHANGE: recovery window 30s -> 10s
STATUS: APPROVED

21:12:03  D-51
RESOURCE: T-19
ACTION: REVERTED

21:13:19  D-53
RESOURCE: T-19
CHANGE: safety threshold 0.68 -> 0.71
STATUS: APPROVED

21:16:02  D-54
RESOURCE: T-19
CHANGE: archive verbosity LOW -> HIGH
STATUS: APPROVED

NOTE: approval status describes whether a change was permitted by workflow. It does not
indicate whether the resulting state was causal to the incident.

SECURITY NOTE
D-51 was issued under a valid identity, but its console fingerprint is not present in the registered workstation list.
