CHRONOS // ALPHA // FUTURE CONFIGURATION AUDIT
CASE R2-13
INCIDENT: a scheduled parameter change took effect before the visible incident window

CONFIGURATION DELTAS — T-23

20:58:14  D-53
RESOURCE: T-23
CHANGE: observation window 90s -> 120s
STATUS: APPROVED

21:03:27  D-54
RESOURCE: T-23
CHANGE: prediction threshold 0.72 -> 0.68
STATUS: APPROVED

21:07:46  D-55
RESOURCE: T-23
CHANGE: recovery mode AUTO -> MANUAL
STATUS: PENDING

21:09:11  D-56
RESOURCE: T-23
CHANGE: recovery window 30s -> 10s
STATUS: APPROVED

21:12:03  D-55
RESOURCE: T-23
ACTION: REVERTED

21:13:19  D-57
RESOURCE: T-23
CHANGE: safety threshold 0.68 -> 0.71
STATUS: APPROVED

21:16:02  D-58
RESOURCE: T-23
CHANGE: archive verbosity LOW -> HIGH
STATUS: APPROVED

NOTE: approval status describes whether a change was permitted by workflow. It does not
indicate whether the resulting state was causal to the incident.

SCHEDULER NOTE
D-55 was queued before the visible incident window and became effective only when the scheduled window opened.
